2026-10-08T21:22:45Z INF Thank you for trying Cloudflare Tunnel. Doing so, without a Cloudflare account, is a quick way to experiment and try it out. However, be aware that these account-less Tunnels have no uptime guarantee, are subject to the Cloudflare Online Services Terms of Use (https://www.cloudflare.com/website-terms/), and Cloudflare reserves the right to investigate your use of Tunnels for violations of such terms. If you intend to use Tunnels in production you should use a pre-created named tunnel by following: https://developers.cloudflare.com/cloudflare-one/connections/connect-apps
2026-10-08T21:22:45Z INF Requesting new quick Tunnel on trycloudflare.com...
2026-10-08T21:22:48Z INF +--------------------------------------------------------------------------------------------+
2026-10-08T21:22:48Z INF |  Your quick Tunnel has been created! Visit it at (it may take some time to be reachable):  |
2026-10-08T21:22:48Z INF |  https://buttons-lit-permanent-webmaster.trycloudflare.com                                 |
2026-10-08T21:22:48Z INF +--------------------------------------------------------------------------------------------+
2026-10-08T21:22:48Z INF Cannot determine default configuration path. No file [config.yml config.yaml] in [~/.cloudflared ~/.cloudflare-warp ~/cloudflare-warp /etc/cloudflared /usr/local/etc/cloudflared]
2026-10-08T21:22:48Z INF Version 2026.9.3 (Checksum 8b8d3c28859fc4383cc87497f581049cf9f77d3a7de16564d159fe75b2c9429b)
2026-10-08T21:22:48Z INF GOOS: darwin, GOVersion: go1.27.1, GoArch: arm64
2026-10-08T21:22:48Z INF Settings: map[ha-connections:1 no-autoupdate:true protocol:quic url:http://127.0.0.1:8011]
2026-10-08T21:22:48Z INF cloudflared will not automatically update if installed by a package manager.
2026-10-08T21:22:48Z INF Generated Connector ID: 66308798-5519-455f-a109-74382d33aa45
2026-10-08T21:22:48Z INF Initial protocol quic
2026-10-08T21:22:48Z INF ICMP proxy will use 192.168.1.46 as source for IPv4
2026-10-08T21:22:48Z INF ICMP proxy will use fe80::1089:ada0:932:617d in zone en0 as source for IPv6
2026-10-08T21:22:48Z INF Created ICMP proxy listening on 192.168.1.46:0
2026-10-08T21:22:48Z INF ICMP proxy will use 192.168.1.46 as source for IPv4
2026-10-08T21:22:48Z INF ICMP proxy will use fe80::1089:ada0:932:617d in zone en0 as source for IPv6
2026-10-08T21:22:48Z INF Starting metrics server on 127.0.0.1:20241/metrics
2026-10-08T21:22:49Z INF Tunnel connection curve preferences: [X25519MLKEM768 CurveID(65074) CurveP256] connIndex=0 event=0 ip=2606:4700:a8::5
2026-10-08T21:22:49Z INF Registered tunnel connection connIndex=0 connection=8823d1be-b7ea-49fc-8089-a82af374703b event=0 ip=2606:4700:a8::5 location=scl03 protocol=quic
2026-10-08T21:22:49Z INF +-------------------------------------------------------------------------------------+
2026-10-08T21:22:49Z INF |                               CONNECTIVITY PRE-CHECKS                               |
2026-10-08T21:22:49Z INF +-------------------------------------------------------------------------------------+
2026-10-08T21:22:49Z INF |  COMPONENT         TARGET                     STATUS  DETAILS                       |
2026-10-08T21:22:49Z INF |  DNS Resolution    region1.v2.argotunnel.com  PASS    DNS Resolved successfully     |
2026-10-08T21:22:49Z INF |  DNS Resolution    region2.v2.argotunnel.com  PASS    DNS Resolved successfully     |
2026-10-08T21:22:49Z INF |  UDP Connectivity  region1.v2.argotunnel.com  PASS    QUIC connection successful    |
2026-10-08T21:22:49Z INF |  UDP Connectivity  region2.v2.argotunnel.com  PASS    QUIC connection successful    |
2026-10-08T21:22:49Z INF |  TCP Connectivity  region1.v2.argotunnel.com  PASS    HTTP/2 connection successful  |
2026-10-08T21:22:49Z INF |  TCP Connectivity  region2.v2.argotunnel.com  PASS    HTTP/2 connection successful  |
2026-10-08T21:22:49Z INF |  Cloudflare API    api.cloudflare.com:443     PASS    API is reachable              |
2026-10-08T21:22:49Z INF |                                                                                     |
2026-10-08T21:22:49Z INF |  SUMMARY: Environment is healthy. cloudflared will use 'quic' as primary protocol.  |
2026-10-08T21:22:49Z INF +-------------------------------------------------------------------------------------+
2026-10-08T21:22:49Z INF precheck component="DNS Resolution" details="DNS Resolved successfully" run_id=d10cbe57-d8ee-4e8f-a7a8-95abcfd2e9a6 status=pass target=region1.v2.argotunnel.com
2026-10-08T21:22:49Z INF precheck component="DNS Resolution" details="DNS Resolved successfully" run_id=d10cbe57-d8ee-4e8f-a7a8-95abcfd2e9a6 status=pass target=region2.v2.argotunnel.com
2026-10-08T21:22:49Z INF precheck component="UDP Connectivity" details="QUIC connection successful" run_id=d10cbe57-d8ee-4e8f-a7a8-95abcfd2e9a6 status=pass target=region1.v2.argotunnel.com
2026-10-08T21:22:49Z INF precheck component="UDP Connectivity" details="QUIC connection successful" run_id=d10cbe57-d8ee-4e8f-a7a8-95abcfd2e9a6 status=pass target=region2.v2.argotunnel.com
2026-10-08T21:22:49Z INF precheck component="TCP Connectivity" details="HTTP/2 connection successful" run_id=d10cbe57-d8ee-4e8f-a7a8-95abcfd2e9a6 status=pass target=region1.v2.argotunnel.com
2026-10-08T21:22:49Z INF precheck component="TCP Connectivity" details="HTTP/2 connection successful" run_id=d10cbe57-d8ee-4e8f-a7a8-95abcfd2e9a6 status=pass target=region2.v2.argotunnel.com
2026-10-08T21:22:49Z INF precheck component="Cloudflare API" details="API is reachable" run_id=d10cbe57-d8ee-4e8f-a7a8-95abcfd2e9a6 status=pass target=api.cloudflare.com:443
2026-10-08T21:22:49Z INF precheck complete hard_fail=false run_id=d10cbe57-d8ee-4e8f-a7a8-95abcfd2e9a6 suggested_protocol=quic
